plugins = {}
bundles = {}

[versions]
	json-web-token = "0.12.6"
	reflections = "0.10.2"
	cassandraunit = "4.3.1.0"
	git-properties = "2.4.2"
	jacoco = "0.8.11"
	spring-boot = "3.3.3"
	commons-lang3 = "3.17.0"
	checkstyle = "10.18.1"

	[libraries.jjwt-api]
		name = "jjwt-api"
		group = "io.jsonwebtoken"

		[libraries.jjwt-api.version]
			ref = "json-web-token"

	[libraries.junit-jupiter-engine]
		name = "junit-jupiter-engine"
		group = "org.junit.jupiter"

		[libraries.junit-jupiter-engine.version]
			ref = "spring-boot"

	[libraries.spring-boot-starter]
		name = "spring-boot-starter"
		group = "org.springframework.boot"

	[libraries.spring-boot-starter-web]
		name = "spring-boot-starter-web"
		group = "org.springframework.boot"

	[libraries.reflections]
		name = "reflections"
		group = "org.reflections"

		[libraries.reflections.version]
			ref = "reflections"

	[libraries.spring-boot-dependencies]
		name = "spring-boot-dependencies"
		group = "org.springframework.boot"

		[libraries.spring-boot-dependencies.version]
			ref = "spring-boot"

	[libraries.commons-lang3]
		name = "commons-lang3"
		group = "org.apache.commons"

		[libraries.commons-lang3.version]
			ref = "commons-lang3"

	[libraries.cassandra-unit]
		name = "cassandra-unit"
		group = "org.cassandraunit"

		[libraries.cassandra-unit.version]
			ref = "cassandraunit"

	[libraries.gradle-git-properties]
		name = "gradle-git-properties"
		group = "com.gorylenko.gradle-git-properties"

		[libraries.gradle-git-properties.version]
			ref = "git-properties"
